// Jest Snapshot v1, https://goo.gl/fbAQLP

exports[`ContactInfo component renders the component 1`] = `
<div>
  <section>
    <h1
      class="text-[18pt] font-bold text-center"
    >
      Daniel
       
      Xavier
    </h1>
    <p
      class="text-center"
    >
      Florianópolis
      , 
      Santa Catarina
      , 
      Brazil
    </p>
    <ul
      class="print:flex print:gap-x-4 print:justify-center"
    >
      <li
        class="print:relative print:flex print:items-center print:after:content-[''] print:after:absolute print:after:-right-2 print:after:w-px print:after:h-3 print:after:bg-primary flex gap-x-1.5 "
        data-testid="visibility-control"
        data-visible=""
      >
        <input
          checked=""
          class="print:hidden"
          type="checkbox"
        />
        dxdanielxavier@gmail.com
      </li>
      <li
        class="print:relative print:flex print:items-center print:after:content-[''] print:after:absolute print:after:-right-2 print:after:w-px print:after:h-3 print:after:bg-primary flex gap-x-1.5 "
        data-testid="visibility-control"
        data-visible=""
      >
        <input
          checked=""
          class="print:hidden"
          type="checkbox"
        />
        +55 31 99732-5804
      </li>
      <li
        class="print:relative print:flex print:items-center print:after:content-[''] print:after:absolute print:after:-right-2 print:after:w-px print:after:h-3 print:after:bg-primary flex gap-x-1.5 "
        data-testid="visibility-control"
        data-visible=""
      >
        <input
          checked=""
          class="print:hidden"
          type="checkbox"
        />
        <a
          class="underline"
          href="https://www.linkedin.com/in/danieljxavier/"
          target="_blank"
        >
          linkedin.com/in/
          danieljxavier
        </a>
      </li>
      <li
        class=" flex gap-x-1.5 "
        data-testid="visibility-control"
        data-visible=""
      >
        <input
          checked=""
          class="print:hidden"
          type="checkbox"
        />
        <a
          class="underline"
          href="https://www.danielxavier.dev/"
          target="_blank"
        >
          danielxavier.dev
        </a>
      </li>
    </ul>
  </section>
</div>
`;
