// Jest Snapshot v1, https://goo.gl/fbAQLP

exports[`ContactInfo component renders the component 1`] = `
<div>
  <section>
    <h1
      class="text-[18pt] font-bold"
    >
      Daniel
       
      Xavier
    </h1>
    <div
      class="flex gap-x-1.5"
      data-testid="visibility-control"
    >
      <input
        checked=""
        class="print:hidden"
        type="checkbox"
      />
      <div
        class=""
      >
        <p>
          dxdanielxavier@gmail.com
        </p>
      </div>
    </div>
    <div
      class="flex gap-x-1.5"
      data-testid="visibility-control"
    >
      <input
        checked=""
        class="print:hidden"
        type="checkbox"
      />
      <div
        class=""
      >
        <p>
          +55 31 99732-5804
        </p>
      </div>
    </div>
    <div
      class="flex gap-x-1.5"
      data-testid="visibility-control"
    >
      <input
        checked=""
        class="print:hidden"
        type="checkbox"
      />
      <div
        class=""
      >
        <a
          class="underline"
          href="https://www.linkedin.com/in/danieljxavier/"
          target="_blank"
        >
          linkedin.com/in/
          danieljxavier
        </a>
      </div>
    </div>
    <div
      class="flex gap-x-1.5"
      data-testid="visibility-control"
    >
      <input
        checked=""
        class="print:hidden"
        type="checkbox"
      />
      <div
        class=""
      >
        <a
          class="underline"
          href="https://www.danielxavier.dev/"
          target="_blank"
        >
          danielxavier.dev
        </a>
      </div>
    </div>
  </section>
</div>
`;
