// Jest Snapshot v1, https://goo.gl/fbAQLP

exports[`Languages component renders the component 1`] = `
<div>
  <section>
    <h2
      class="text-[16pt] font-bold"
    >
      Languages
    </h2>
    <hr />
    <ul
      class="pl-3.5 [&_li]:relative [&_li]:text-[12pt] [&_li]:text-justify [&_li]:before:content-['•'] [&_li]:before:absolute [&_li]:before:-left-[10px]"
    >
      <li
        class="items-baseline break-inside-avoid flex gap-x-1.5 "
        data-testid="visibility-control"
        data-visible=""
      >
        <input
          checked=""
          class="print:hidden"
          type="checkbox"
        />
        <div>
          <p
            class="text-[12pt]"
          >
            Portuguese
             (
            Native
            )
          </p>
        </div>
      </li>
      <li
        class="items-baseline break-inside-avoid flex gap-x-1.5 "
        data-testid="visibility-control"
        data-visible=""
      >
        <input
          checked=""
          class="print:hidden"
          type="checkbox"
        />
        <div>
          <p
            class="text-[12pt]"
          >
            English
             (
            C1
            )
          </p>
        </div>
      </li>
      <li
        class="items-baseline break-inside-avoid flex gap-x-1.5 "
        data-testid="visibility-control"
        data-visible=""
      >
        <input
          checked=""
          class="print:hidden"
          type="checkbox"
        />
        <div>
          <p
            class="text-[12pt]"
          >
            Spanish
             (
            B1
            )
          </p>
        </div>
      </li>
    </ul>
  </section>
</div>
`;
