// Jest Snapshot v1, https://goo.gl/fbAQLP

exports[`VisibiltyControl component renders the component 1`] = `
<div>
  <li
    class=" flex gap-x-1.5 "
    data-testid="visibility-control"
    data-visible=""
  >
    <input
      checked=""
      class="print:hidden"
      type="checkbox"
    />
    children
  </li>
</div>
`;
