// Jest Snapshot v1, https://goo.gl/fbAQLP

exports[`VisibiltyControl component renders the component 1`] = `
<div>
  <div
    class="flex gap-x-1.5"
    data-testid="visibility-control"
  >
    <input
      checked=""
      class="print:hidden"
      type="checkbox"
    />
    <div
      class=""
    >
      children
    </div>
  </div>
</div>
`;
