// Jest Snapshot v1, https://jestjs.io/docs/snapshot-testing

exports[`Root layout renders the layout 1`] = `
<div>
  <html
    lang="en"
  >
    <body
      class="className grid min-h-dvh grid-rows-[repeat(2,_auto)_1fr] gap-y-6 md:gap-y-8 xl:gap-y-12"
    >
      children
    </body>
  </html>
</div>
`;
