// Jest Snapshot v1, https://goo.gl/fbAQLP

exports[`Experience page (Client-side) renders the page 1`] = `
<div>
  <h1
    class="text-xl md:text-2xl lg:text-3xl flex items-center gap-x-2"
    data-testid="title"
  >
    <svg
      class="fill-primary size-6 md:size-8"
      viewBox="0 -960 960 960"
      xmlns="http://www.w3.org/2000/svg"
    >
      <path
        d="M157.69-140q-23.53 0-40.61-17.08T100-197.69v-444.62q0-23.53 17.08-40.61T157.69-700H340v-82.3q0-23.53 17.08-40.62Q374.16-840 397.69-840h164.62q23.53 0 40.61 17.08Q620-805.83 620-782.3v82.3h182.31q23.53 0 40.61 17.08T860-642.31v444.62q0 23.53-17.08 40.61T802.31-140H157.69Zm0-45.39h644.62q4.61 0 8.46-3.84 3.84-3.85 3.84-8.46v-444.62q0-4.61-3.84-8.46-3.85-3.84-8.46-3.84H157.69q-4.61 0-8.46 3.84-3.84 3.85-3.84 8.46v444.62q0 4.61 3.84 8.46 3.85 3.84 8.46 3.84ZM385.39-700h189.22v-82.3q0-4.62-3.84-8.47-3.85-3.84-8.46-3.84H397.69q-4.61 0-8.46 3.84-3.84 3.85-3.84 8.47v82.3Zm-240 514.61V-654.61-185.39Z"
      />
    </svg>
    Experience
  </h1>
  <menu
    class="mt-1 md:mt-2 text-sm lg:mt-3 lg:text-base flex gap-x-1"
    data-testid="menu"
  >
    <li>
      <button
        class="text-secondary underline cursor-default hover:text-secondary hover:underline"
        disabled=""
      >
        simple
      </button>
    </li>
    <li>
      |
    </li>
    <li>
      <button
        class=" hover:text-secondary hover:underline"
      >
        detailed
      </button>
    </li>
  </menu>
  <article
    class="my-6 sm:my-10 relative before:content-[''] before:absolute before:top-[40px] before:bottom-[-21px] before:sm:bottom-[-36px] last-of-type:before:bottom-0 before:left-[16px] before:ml-0.5 before:w-1 before:bg-gradient-to-b before:from-secondary before:via-secondary before:to-background before:-z-10"
    data-testid="experience-item"
  >
    <header
      class="flex items-start gap-x-2"
    >
      <img
        alt="Logo of <DanielXavier /> company"
        class="rounded-full border-2 border-solid border-secondary"
        data-nimg="1"
        decoding="async"
        height="40"
        loading="lazy"
        src="/_next/image?url=%2Fimages%2Fexperience%2Fdanielxavier.jpg&w=96&q=75"
        srcset="/_next/image?url=%2Fimages%2Fexperience%2Fdanielxavier.jpg&w=48&q=75 1x, /_next/image?url=%2Fimages%2Fexperience%2Fdanielxavier.jpg&w=96&q=75 2x"
        style="color: transparent;"
        width="40"
      />
      <h2
        class="text-base sm:text-lg md:text-xl xl:text-2xl font-bold leading-tight"
      >
        Senior Front-End Engineer | Tech Lead
         @ 
        &lt;DanielXavier /&gt;
        <span
          class="text-xs md:text-sm"
        >
           
          (
          05-2024
           
          to
           
          present
          )
        </span>
      </h2>
    </header>
    <section
      class="pl-14 lg:px-14"
    >
      <h3
        class="xl:text-xl"
      >
        A contractor role where I have been working on some independent client projects.
      </h3>
    </section>
  </article>
  <article
    class="my-6 sm:my-10 relative before:content-[''] before:absolute before:top-[40px] before:bottom-[-21px] before:sm:bottom-[-36px] last-of-type:before:bottom-0 before:left-[16px] before:ml-0.5 before:w-1 before:bg-gradient-to-b before:from-secondary before:via-secondary before:to-background before:-z-10"
    data-testid="experience-item"
  >
    <header
      class="flex items-start gap-x-2"
    >
      <img
        alt="Logo of PDSAcademy company"
        class="rounded-full border-2 border-solid border-secondary"
        data-nimg="1"
        decoding="async"
        height="40"
        loading="lazy"
        src="/_next/image?url=%2Fimages%2Fexperience%2Fpdsacademy.jpg&w=96&q=75"
        srcset="/_next/image?url=%2Fimages%2Fexperience%2Fpdsacademy.jpg&w=48&q=75 1x, /_next/image?url=%2Fimages%2Fexperience%2Fpdsacademy.jpg&w=96&q=75 2x"
        style="color: transparent;"
        width="40"
      />
      <h2
        class="text-base sm:text-lg md:text-xl xl:text-2xl font-bold leading-tight"
      >
        Post-graduation professor
         @ 
        PDSAcademy
        <span
          class="text-xs md:text-sm"
        >
           
          (
          06-2025
           
          to
           
          06-2025
          )
        </span>
      </h2>
    </header>
    <section
      class="pl-14 lg:px-14"
    >
      <h3
        class="xl:text-xl"
      >
        A short-term contract role where I teach Front-End development.
      </h3>
    </section>
  </article>
  <article
    class="my-6 sm:my-10 relative before:content-[''] before:absolute before:top-[40px] before:bottom-[-21px] before:sm:bottom-[-36px] last-of-type:before:bottom-0 before:left-[16px] before:ml-0.5 before:w-1 before:bg-gradient-to-b before:from-[#6d0ad5] before:via-[#6d0ad5] before:to-background before:-z-10"
    data-testid="experience-item"
  >
    <header
      class="flex items-start gap-x-2"
    >
      <img
        alt="Logo of OLX company"
        class="rounded-full "
        data-nimg="1"
        decoding="async"
        height="40"
        loading="lazy"
        src="/_next/image?url=%2Fimages%2Fexperience%2Folx.jpg&w=96&q=75"
        srcset="/_next/image?url=%2Fimages%2Fexperience%2Folx.jpg&w=48&q=75 1x, /_next/image?url=%2Fimages%2Fexperience%2Folx.jpg&w=96&q=75 2x"
        style="color: transparent;"
        width="40"
      />
      <h2
        class="text-base sm:text-lg md:text-xl xl:text-2xl font-bold leading-tight"
      >
        Technical Lead
         @ 
        OLX
        <span
          class="text-xs md:text-sm"
        >
           
          (
          08-2021
           
          to
           
          04-2024
          )
        </span>
      </h2>
    </header>
    <section
      class="pl-14 lg:px-14"
    >
      <h3
        class="xl:text-xl"
      >
        A tech leader role where I was responsible for different core teams.
      </h3>
    </section>
  </article>
  <article
    class="my-6 sm:my-10 relative before:content-[''] before:absolute before:top-[40px] before:bottom-[-21px] before:sm:bottom-[-36px] last-of-type:before:bottom-0 before:left-[16px] before:ml-0.5 before:w-1 before:bg-gradient-to-b before:from-[#8568ec] before:via-[#8568ec] before:to-background before:-z-10"
    data-testid="experience-item"
  >
    <header
      class="flex items-start gap-x-2"
    >
      <img
        alt="Logo of Meaning company"
        class="rounded-full "
        data-nimg="1"
        decoding="async"
        height="40"
        loading="lazy"
        src="/_next/image?url=%2Fimages%2Fexperience%2Fmeaning.jpg&w=96&q=75"
        srcset="/_next/image?url=%2Fimages%2Fexperience%2Fmeaning.jpg&w=48&q=75 1x, /_next/image?url=%2Fimages%2Fexperience%2Fmeaning.jpg&w=96&q=75 2x"
        style="color: transparent;"
        width="40"
      />
      <h2
        class="text-base sm:text-lg md:text-xl xl:text-2xl font-bold leading-tight"
      >
        CTO & Partner
         @ 
        Meaning
        <span
          class="text-xs md:text-sm"
        >
           
          (
          03-2022
           
          to
           
          05-2023
          )
        </span>
      </h2>
    </header>
    <section
      class="pl-14 lg:px-14"
    >
      <h3
        class="xl:text-xl"
      >
        I held the position of CTO and co-founder at the startup.
      </h3>
    </section>
  </article>
  <article
    class="my-6 sm:my-10 relative before:content-[''] before:absolute before:top-[40px] before:bottom-[-21px] before:sm:bottom-[-36px] last-of-type:before:bottom-0 before:left-[16px] before:ml-0.5 before:w-1 before:bg-gradient-to-b before:from-[#5d5ef1] before:via-[#5d5ef1] before:to-background before:-z-10"
    data-testid="experience-item"
  >
    <header
      class="flex items-start gap-x-2"
    >
      <img
        alt="Logo of Softplan company"
        class="rounded-full "
        data-nimg="1"
        decoding="async"
        height="40"
        loading="lazy"
        src="/_next/image?url=%2Fimages%2Fexperience%2Fsoftplan.jpg&w=96&q=75"
        srcset="/_next/image?url=%2Fimages%2Fexperience%2Fsoftplan.jpg&w=48&q=75 1x, /_next/image?url=%2Fimages%2Fexperience%2Fsoftplan.jpg&w=96&q=75 2x"
        style="color: transparent;"
        width="40"
      />
      <h2
        class="text-base sm:text-lg md:text-xl xl:text-2xl font-bold leading-tight"
      >
        Team Leader
         @ 
        Softplan
        <span
          class="text-xs md:text-sm"
        >
           
          (
          10-2020
           
          to
           
          07-2021
          )
        </span>
      </h2>
    </header>
    <section
      class="pl-14 lg:px-14"
    >
      <h3
        class="xl:text-xl"
      >
        A multidisciplinary team leader role where I was responsible for the team results.
      </h3>
    </section>
  </article>
  <article
    class="my-6 sm:my-10 relative before:content-[''] before:absolute before:top-[40px] before:bottom-[-21px] before:sm:bottom-[-36px] last-of-type:before:bottom-0 before:left-[16px] before:ml-0.5 before:w-1 before:bg-gradient-to-b before:from-[#5d5ef1] before:via-[#5d5ef1] before:to-background before:-z-10"
    data-testid="experience-item"
  >
    <header
      class="flex items-start gap-x-2"
    >
      <img
        alt="Logo of Softplan company"
        class="rounded-full "
        data-nimg="1"
        decoding="async"
        height="40"
        loading="lazy"
        src="/_next/image?url=%2Fimages%2Fexperience%2Fsoftplan.jpg&w=96&q=75"
        srcset="/_next/image?url=%2Fimages%2Fexperience%2Fsoftplan.jpg&w=48&q=75 1x, /_next/image?url=%2Fimages%2Fexperience%2Fsoftplan.jpg&w=96&q=75 2x"
        style="color: transparent;"
        width="40"
      />
      <h2
        class="text-base sm:text-lg md:text-xl xl:text-2xl font-bold leading-tight"
      >
        Technical Lead
         @ 
        Softplan
        <span
          class="text-xs md:text-sm"
        >
           
          (
          09-2019
           
          to
           
          10-2020
          )
        </span>
      </h2>
    </header>
    <section
      class="pl-14 lg:px-14"
    >
      <h3
        class="xl:text-xl"
      >
        A tech leader position (80% tech / 20% people) where I was responsible for the Front-End best practices.
      </h3>
    </section>
  </article>
  <article
    class="my-6 sm:my-10 relative before:content-[''] before:absolute before:top-[40px] before:bottom-[-21px] before:sm:bottom-[-36px] last-of-type:before:bottom-0 before:left-[16px] before:ml-0.5 before:w-1 before:bg-gradient-to-b before:from-[#5d5ef1] before:via-[#5d5ef1] before:to-background before:-z-10"
    data-testid="experience-item"
  >
    <header
      class="flex items-start gap-x-2"
    >
      <img
        alt="Logo of Softplan company"
        class="rounded-full "
        data-nimg="1"
        decoding="async"
        height="40"
        loading="lazy"
        src="/_next/image?url=%2Fimages%2Fexperience%2Fsoftplan.jpg&w=96&q=75"
        srcset="/_next/image?url=%2Fimages%2Fexperience%2Fsoftplan.jpg&w=48&q=75 1x, /_next/image?url=%2Fimages%2Fexperience%2Fsoftplan.jpg&w=96&q=75 2x"
        style="color: transparent;"
        width="40"
      />
      <h2
        class="text-base sm:text-lg md:text-xl xl:text-2xl font-bold leading-tight"
      >
        Senior Front-End Engineer
         @ 
        Softplan
        <span
          class="text-xs md:text-sm"
        >
           
          (
          12-2018
           
          to
           
          08-2019
          )
        </span>
      </h2>
    </header>
    <section
      class="pl-14 lg:px-14"
    >
      <h3
        class="xl:text-xl"
      >
        A pure hands-on position where I was responsible for doing all of my team's Front-End deliveries.
      </h3>
    </section>
  </article>
  <article
    class="my-6 sm:my-10 relative before:content-[''] before:absolute before:top-[40px] before:bottom-[-21px] before:sm:bottom-[-36px] last-of-type:before:bottom-0 before:left-[16px] before:ml-0.5 before:w-1 before:bg-gradient-to-b before:from-[#ee4e21] before:via-[#ee4e21] before:to-background before:-z-10"
    data-testid="experience-item"
  >
    <header
      class="flex items-start gap-x-2"
    >
      <img
        alt="Logo of Hotmart company"
        class="rounded-full "
        data-nimg="1"
        decoding="async"
        height="40"
        loading="lazy"
        src="/_next/image?url=%2Fimages%2Fexperience%2Fhotmart.jpg&w=96&q=75"
        srcset="/_next/image?url=%2Fimages%2Fexperience%2Fhotmart.jpg&w=48&q=75 1x, /_next/image?url=%2Fimages%2Fexperience%2Fhotmart.jpg&w=96&q=75 2x"
        style="color: transparent;"
        width="40"
      />
      <h2
        class="text-base sm:text-lg md:text-xl xl:text-2xl font-bold leading-tight"
      >
        Senior Full-Stack Engineer
         @ 
        Hotmart
        <span
          class="text-xs md:text-sm"
        >
           
          (
          06-2018
           
          to
           
          11-2018
          )
        </span>
      </h2>
    </header>
    <section
      class="pl-14 lg:px-14"
    >
      <h3
        class="xl:text-xl"
      >
        A pure hands-on position where I was responsible for doing all of my team's full-stack deliveries.
      </h3>
    </section>
  </article>
  <article
    class="my-6 sm:my-10 relative before:content-[''] before:absolute before:top-[40px] before:bottom-[-21px] before:sm:bottom-[-36px] last-of-type:before:bottom-0 before:left-[16px] before:ml-0.5 before:w-1 before:bg-gradient-to-b before:from-[#ee4e21] before:via-[#ee4e21] before:to-background before:-z-10"
    data-testid="experience-item"
  >
    <header
      class="flex items-start gap-x-2"
    >
      <img
        alt="Logo of Hotmart company"
        class="rounded-full "
        data-nimg="1"
        decoding="async"
        height="40"
        loading="lazy"
        src="/_next/image?url=%2Fimages%2Fexperience%2Fhotmart.jpg&w=96&q=75"
        srcset="/_next/image?url=%2Fimages%2Fexperience%2Fhotmart.jpg&w=48&q=75 1x, /_next/image?url=%2Fimages%2Fexperience%2Fhotmart.jpg&w=96&q=75 2x"
        style="color: transparent;"
        width="40"
      />
      <h2
        class="text-base sm:text-lg md:text-xl xl:text-2xl font-bold leading-tight"
      >
        Mid Level Front-End Engineer
         @ 
        Hotmart
        <span
          class="text-xs md:text-sm"
        >
           
          (
          06-2017
           
          to
           
          05-2018
          )
        </span>
      </h2>
    </header>
    <section
      class="pl-14 lg:px-14"
    >
      <h3
        class="xl:text-xl"
      >
        A pure hands-on position where I was responsible for doing some of my team's full-stack deliveries.
      </h3>
    </section>
  </article>
  <article
    class="my-6 sm:my-10 relative before:content-[''] before:absolute before:top-[40px] before:bottom-[-21px] before:sm:bottom-[-36px] last-of-type:before:bottom-0 before:left-[16px] before:ml-0.5 before:w-1 before:bg-gradient-to-b before:from-[#ee4e21] before:via-[#ee4e21] before:to-background before:-z-10"
    data-testid="experience-item"
  >
    <header
      class="flex items-start gap-x-2"
    >
      <img
        alt="Logo of Hotmart company"
        class="rounded-full "
        data-nimg="1"
        decoding="async"
        height="40"
        loading="lazy"
        src="/_next/image?url=%2Fimages%2Fexperience%2Fhotmart.jpg&w=96&q=75"
        srcset="/_next/image?url=%2Fimages%2Fexperience%2Fhotmart.jpg&w=48&q=75 1x, /_next/image?url=%2Fimages%2Fexperience%2Fhotmart.jpg&w=96&q=75 2x"
        style="color: transparent;"
        width="40"
      />
      <h2
        class="text-base sm:text-lg md:text-xl xl:text-2xl font-bold leading-tight"
      >
        Entry Level Front-End Engineer
         @ 
        Hotmart
        <span
          class="text-xs md:text-sm"
        >
           
          (
          12-2016
           
          to
           
          05-2017
          )
        </span>
      </h2>
    </header>
    <section
      class="pl-14 lg:px-14"
    >
      <h3
        class="xl:text-xl"
      >
        I was an Entry Level Front-End developer on the "User Acquisition" team.
      </h3>
    </section>
  </article>
  <article
    class="my-6 sm:my-10 relative before:content-[''] before:absolute before:top-[40px] before:bottom-[-21px] before:sm:bottom-[-36px] last-of-type:before:bottom-0 before:left-[16px] before:ml-0.5 before:w-1 before:bg-gradient-to-b before:from-secondary before:via-secondary before:to-background before:-z-10"
    data-testid="experience-item"
  >
    <header
      class="flex items-start gap-x-2"
    >
      <img
        alt="Logo of Sydle company"
        class="rounded-full border-2 border-solid border-secondary"
        data-nimg="1"
        decoding="async"
        height="40"
        loading="lazy"
        src="/_next/image?url=%2Fimages%2Fexperience%2Fsydle.jpg&w=96&q=75"
        srcset="/_next/image?url=%2Fimages%2Fexperience%2Fsydle.jpg&w=48&q=75 1x, /_next/image?url=%2Fimages%2Fexperience%2Fsydle.jpg&w=96&q=75 2x"
        style="color: transparent;"
        width="40"
      />
      <h2
        class="text-base sm:text-lg md:text-xl xl:text-2xl font-bold leading-tight"
      >
        Support Analyst
         @ 
        Sydle
        <span
          class="text-xs md:text-sm"
        >
           
          (
          04-2014
           
          to
           
          11-2016
          )
        </span>
      </h2>
    </header>
    <section
      class="pl-14 lg:px-14"
    >
      <h3
        class="xl:text-xl"
      >
        I was a Support Analyst on the "Suporte & Sustentação" team.
      </h3>
    </section>
  </article>
  <article
    class="my-6 sm:my-10 relative before:content-[''] before:absolute before:top-[40px] before:bottom-[-21px] before:sm:bottom-[-36px] last-of-type:before:bottom-0 before:left-[16px] before:ml-0.5 before:w-1 before:bg-gradient-to-b before:from-secondary before:via-secondary before:to-background before:-z-10"
    data-testid="experience-item"
  >
    <header
      class="flex items-start gap-x-2"
    >
      <img
        alt="Logo of Sydle company"
        class="rounded-full border-2 border-solid border-secondary"
        data-nimg="1"
        decoding="async"
        height="40"
        loading="lazy"
        src="/_next/image?url=%2Fimages%2Fexperience%2Fsydle.jpg&w=96&q=75"
        srcset="/_next/image?url=%2Fimages%2Fexperience%2Fsydle.jpg&w=48&q=75 1x, /_next/image?url=%2Fimages%2Fexperience%2Fsydle.jpg&w=96&q=75 2x"
        style="color: transparent;"
        width="40"
      />
      <h2
        class="text-base sm:text-lg md:text-xl xl:text-2xl font-bold leading-tight"
      >
        Support Associate
         @ 
        Sydle
        <span
          class="text-xs md:text-sm"
        >
           
          (
          04-2012
           
          to
           
          03-2014
          )
        </span>
      </h2>
    </header>
    <section
      class="pl-14 lg:px-14"
    >
      <h3
        class="xl:text-xl"
      >
        I was a Support Associate on the "Suporte & Sustentação" team.
      </h3>
    </section>
  </article>
</div>
`;
